// Jest Snapshot v1, https://goo.gl/fbAQLP

exports[`Lambda Function Created 1`] = `
Object {
  "Outputs": Object {
    "shortenerAPIEndpointD2575410": Object {
      "Value": Object {
        "Fn::Join": Array [
          "",
          Array [
            "https://",
            Object {
              "Ref": "shortenerAPID8E48A72",
            },
            ".execute-api.us-west-2.",
            Object {
              "Ref": "AWS::URLSuffix",
            },
            "/",
            Object {
              "Ref": "shortenerAPIDeploymentStageprod26C06356",
            },
            "/",
          ],
        ],
      },
    },
    "shortenerCustomOrigin": Object {
      "Value": "https://fdr.one",
    },
    "shortenerFaviconURL": Object {
      "Value": Object {
        "Fn::Join": Array [
          "",
          Array [
            "https://s3.us-west-2.",
            Object {
              "Ref": "AWS::URLSuffix",
            },
            "/",
            Object {
              "Ref": "AssetParameterscda4185f6b6e86f41a47c64d92ac02b802e60e12a715d073ce251b5798fe932aS3Bucket738140FB",
            },
            "/",
            Object {
              "Fn::Select": Array [
                0,
                Object {
                  "Fn::Split": Array [
                    "||",
                    Object {
                      "Ref": "AssetParameterscda4185f6b6e86f41a47c64d92ac02b802e60e12a715d073ce251b5798fe932aS3VersionKey64831667",
                    },
                  ],
                },
              ],
            },
            Object {
              "Fn::Select": Array [
                1,
                Object {
                  "Fn::Split": Array [
                    "||",
                    Object {
                      "Ref": "AssetParameterscda4185f6b6e86f41a47c64d92ac02b802e60e12a715d073ce251b5798fe932aS3VersionKey64831667",
                    },
                  ],
                },
              ],
            },
          ],
        ],
      },
    },
  },
  "Parameters": Object {
    "AssetParameters8ac1f64e10898dad56cc8b357e40b7a3aa5708bc5aec546718c66c605b3c438cArtifactHash52F792CF": Object {
      "Description": "Artifact hash for asset \\"8ac1f64e10898dad56cc8b357e40b7a3aa5708bc5aec546718c66c605b3c438c\\"",
      "Type": "String",
    },
    "AssetParameters8ac1f64e10898dad56cc8b357e40b7a3aa5708bc5aec546718c66c605b3c438cS3BucketE9317EA1": Object {
      "Description": "S3 bucket for asset \\"8ac1f64e10898dad56cc8b357e40b7a3aa5708bc5aec546718c66c605b3c438c\\"",
      "Type": "String",
    },
    "AssetParameters8ac1f64e10898dad56cc8b357e40b7a3aa5708bc5aec546718c66c605b3c438cS3VersionKey65CA1E21": Object {
      "Description": "S3 key for asset version \\"8ac1f64e10898dad56cc8b357e40b7a3aa5708bc5aec546718c66c605b3c438c\\"",
      "Type": "String",
    },
    "AssetParametersa9125fa9a40550c71cde90bd478cc23091e868067a12380c1df0827d013ad2ffArtifactHash08605F5E": Object {
      "Description": "Artifact hash for asset \\"a9125fa9a40550c71cde90bd478cc23091e868067a12380c1df0827d013ad2ff\\"",
      "Type": "String",
    },
    "AssetParametersa9125fa9a40550c71cde90bd478cc23091e868067a12380c1df0827d013ad2ffS3Bucket848A1F31": Object {
      "Description": "S3 bucket for asset \\"a9125fa9a40550c71cde90bd478cc23091e868067a12380c1df0827d013ad2ff\\"",
      "Type": "String",
    },
    "AssetParametersa9125fa9a40550c71cde90bd478cc23091e868067a12380c1df0827d013ad2ffS3VersionKey983DBE96": Object {
      "Description": "S3 key for asset version \\"a9125fa9a40550c71cde90bd478cc23091e868067a12380c1df0827d013ad2ff\\"",
      "Type": "String",
    },
    "AssetParametersba60cbb49b876b2b5e6eddd103e4aeebf0fdabe220fecd9ba54cfabb0d3200d5ArtifactHash06DC1F30": Object {
      "Description": "Artifact hash for asset \\"ba60cbb49b876b2b5e6eddd103e4aeebf0fdabe220fecd9ba54cfabb0d3200d5\\"",
      "Type": "String",
    },
    "AssetParametersba60cbb49b876b2b5e6eddd103e4aeebf0fdabe220fecd9ba54cfabb0d3200d5S3Bucket6FE22E6A": Object {
      "Description": "S3 bucket for asset \\"ba60cbb49b876b2b5e6eddd103e4aeebf0fdabe220fecd9ba54cfabb0d3200d5\\"",
      "Type": "String",
    },
    "AssetParametersba60cbb49b876b2b5e6eddd103e4aeebf0fdabe220fecd9ba54cfabb0d3200d5S3VersionKeyD29C4406": Object {
      "Description": "S3 key for asset version \\"ba60cbb49b876b2b5e6eddd103e4aeebf0fdabe220fecd9ba54cfabb0d3200d5\\"",
      "Type": "String",
    },
    "AssetParameterscda4185f6b6e86f41a47c64d92ac02b802e60e12a715d073ce251b5798fe932aArtifactHash1C0F0A70": Object {
      "Description": "Artifact hash for asset \\"cda4185f6b6e86f41a47c64d92ac02b802e60e12a715d073ce251b5798fe932a\\"",
      "Type": "String",
    },
    "AssetParameterscda4185f6b6e86f41a47c64d92ac02b802e60e12a715d073ce251b5798fe932aS3Bucket738140FB": Object {
      "Description": "S3 bucket for asset \\"cda4185f6b6e86f41a47c64d92ac02b802e60e12a715d073ce251b5798fe932a\\"",
      "Type": "String",
    },
    "AssetParameterscda4185f6b6e86f41a47c64d92ac02b802e60e12a715d073ce251b5798fe932aS3VersionKey64831667": Object {
      "Description": "S3 key for asset version \\"cda4185f6b6e86f41a47c64d92ac02b802e60e12a715d073ce251b5798fe932a\\"",
      "Type": "String",
    },
  },
  "Resources": Object {
    "CustomCDKBucketDeployment8693BB64968944B69AAFB0CC9EB8756C81C01536": Object {
      "DependsOn": Array [
        "CustomCDKBucketDeployment8693BB64968944B69AAFB0CC9EB8756CServiceRoleDefaultPolicy88902FDF",
        "CustomCDKBucketDeployment8693BB64968944B69AAFB0CC9EB8756CServiceRole89A01265",
      ],
      "Properties": Object {
        "Code": Object {
          "S3Bucket": Object {
            "Ref": "AssetParametersa9125fa9a40550c71cde90bd478cc23091e868067a12380c1df0827d013ad2ffS3Bucket848A1F31",
          },
          "S3Key": Object {
            "Fn::Join": Array [
              "",
              Array [
                Object {
                  "Fn::Select": Array [
                    0,
                    Object {
                      "Fn::Split": Array [
                        "||",
                        Object {
                          "Ref": "AssetParametersa9125fa9a40550c71cde90bd478cc23091e868067a12380c1df0827d013ad2ffS3VersionKey983DBE96",
                        },
                      ],
                    },
                  ],
                },
                Object {
                  "Fn::Select": Array [
                    1,
                    Object {
                      "Fn::Split": Array [
                        "||",
                        Object {
                          "Ref": "AssetParametersa9125fa9a40550c71cde90bd478cc23091e868067a12380c1df0827d013ad2ffS3VersionKey983DBE96",
                        },
                      ],
                    },
                  ],
                },
              ],
            ],
          },
        },
        "Handler": "index.handler",
        "Role": Object {
          "Fn::GetAtt": Array [
            "CustomCDKBucketDeployment8693BB64968944B69AAFB0CC9EB8756CServiceRole89A01265",
            "Arn",
          ],
        },
        "Runtime": "python3.6",
        "Tags": Array [
          Object {
            "Key": "project",
            "Value": "shortener",
          },
        ],
        "Timeout": 900,
      },
      "Type": "AWS::Lambda::Function",
    },
    "CustomCDKBucketDeployment8693BB64968944B69AAFB0CC9EB8756CServiceRole89A01265": Object {
      "Properties": Object {
        "AssumeRolePolicyDocument": Object {
          "Statement": Array [
            Object {
              "Action": "sts:AssumeRole",
              "Effect": "Allow",
              "Principal": Object {
                "Service": "lambda.amazonaws.com",
              },
            },
          ],
          "Version": "2012-10-17",
        },
        "ManagedPolicyArns": Array [
          Object {
            "Fn::Join": Array [
              "",
              Array [
                "arn:",
                Object {
                  "Ref": "AWS::Partition",
                },
                ":iam::aws:policy/service-role/AWSLambdaBasicExecutionRole",
              ],
            ],
          },
        ],
        "Tags": Array [
          Object {
            "Key": "project",
            "Value": "shortener",
          },
        ],
      },
      "Type": "AWS::IAM::Role",
    },
    "CustomCDKBucketDeployment8693BB64968944B69AAFB0CC9EB8756CServiceRoleDefaultPolicy88902FDF": Object {
      "Properties": Object {
        "PolicyDocument": Object {
          "Statement": Array [
            Object {
              "Action": Array [
                "s3:GetObject*",
                "s3:GetBucket*",
                "s3:List*",
              ],
              "Effect": "Allow",
              "Resource": Array [
                Object {
                  "Fn::Join": Array [
                    "",
                    Array [
                      "arn:",
                      Object {
                        "Ref": "AWS::Partition",
                      },
                      ":s3:::",
                      Object {
                        "Ref": "AssetParameters8ac1f64e10898dad56cc8b357e40b7a3aa5708bc5aec546718c66c605b3c438cS3BucketE9317EA1",
                      },
                    ],
                  ],
                },
                Object {
                  "Fn::Join": Array [
                    "",
                    Array [
                      "arn:",
                      Object {
                        "Ref": "AWS::Partition",
                      },
                      ":s3:::",
                      Object {
                        "Ref": "AssetParameters8ac1f64e10898dad56cc8b357e40b7a3aa5708bc5aec546718c66c605b3c438cS3BucketE9317EA1",
                      },
                      "/*",
                    ],
                  ],
                },
              ],
            },
            Object {
              "Action": Array [
                "s3:GetObject*",
                "s3:GetBucket*",
                "s3:List*",
                "s3:DeleteObject*",
                "s3:PutObject*",
                "s3:Abort*",
              ],
              "Effect": "Allow",
              "Resource": Array [
                Object {
                  "Fn::GetAtt": Array [
                    "shortenerBucket34519652",
                    "Arn",
                  ],
                },
                Object {
                  "Fn::Join": Array [
                    "",
                    Array [
                      Object {
                        "Fn::GetAtt": Array [
                          "shortenerBucket34519652",
                          "Arn",
                        ],
                      },
                      "/*",
                    ],
                  ],
                },
              ],
            },
          ],
          "Version": "2012-10-17",
        },
        "PolicyName": "CustomCDKBucketDeployment8693BB64968944B69AAFB0CC9EB8756CServiceRoleDefaultPolicy88902FDF",
        "Roles": Array [
          Object {
            "Ref": "CustomCDKBucketDeployment8693BB64968944B69AAFB0CC9EB8756CServiceRole89A01265",
          },
        ],
      },
      "Type": "AWS::IAM::Policy",
    },
    "shortenerAPIAccount4DD89EBF": Object {
      "DependsOn": Array [
        "shortenerAPID8E48A72",
      ],
      "Properties": Object {
        "CloudWatchRoleArn": Object {
          "Fn::GetAtt": Array [
            "shortenerAPICloudWatchRole8A79B60B",
            "Arn",
          ],
        },
      },
      "Type": "AWS::ApiGateway::Account",
    },
    "shortenerAPICloudWatchRole8A79B60B": Object {
      "Properties": Object {
        "AssumeRolePolicyDocument": Object {
          "Statement": Array [
            Object {
              "Action": "sts:AssumeRole",
              "Effect": "Allow",
              "Principal": Object {
                "Service": "apigateway.amazonaws.com",
              },
            },
          ],
          "Version": "2012-10-17",
        },
        "ManagedPolicyArns": Array [
          Object {
            "Fn::Join": Array [
              "",
              Array [
                "arn:",
                Object {
                  "Ref": "AWS::Partition",
                },
                ":iam::aws:policy/service-role/AmazonAPIGatewayPushToCloudWatchLogs",
              ],
            ],
          },
        ],
        "Tags": Array [
          Object {
            "Key": "project",
            "Value": "shortener",
          },
        ],
      },
      "Type": "AWS::IAM::Role",
    },
    "shortenerAPID8E48A72": Object {
      "Properties": Object {
        "Name": "shortenerAPI",
        "Tags": Array [
          Object {
            "Key": "project",
            "Value": "shortener",
          },
        ],
      },
      "Type": "AWS::ApiGateway::RestApi",
    },
    "shortenerAPIDeployment1BF02EFD17386b90eca5b23f302670100762e104": Object {
      "DependsOn": Array [
        "shortenerAPIproxyGETC4CEEED1",
        "shortenerAPIproxyOPTIONS7E5BFB22",
        "shortenerAPIproxy57447FDA",
        "shortenerAPIGET9DBD2395",
        "shortenerAPIOPTIONS8F59B854",
      ],
      "Properties": Object {
        "Description": "Automatically created by the RestApi construct",
        "RestApiId": Object {
          "Ref": "shortenerAPID8E48A72",
        },
      },
      "Type": "AWS::ApiGateway::Deployment",
    },
    "shortenerAPIDeploymentStageprod26C06356": Object {
      "Properties": Object {
        "DeploymentId": Object {
          "Ref": "shortenerAPIDeployment1BF02EFD17386b90eca5b23f302670100762e104",
        },
        "MethodSettings": Array [
          Object {
            "HttpMethod": "*",
            "ResourcePath": "/*",
            "ThrottlingBurstLimit": 10,
            "ThrottlingRateLimit": 5,
          },
        ],
        "RestApiId": Object {
          "Ref": "shortenerAPID8E48A72",
        },
        "StageName": "prod",
        "Tags": Array [
          Object {
            "Key": "project",
            "Value": "shortener",
          },
        ],
      },
      "Type": "AWS::ApiGateway::Stage",
    },
    "shortenerAPIGET9DBD2395": Object {
      "Properties": Object {
        "AuthorizationType": "NONE",
        "HttpMethod": "GET",
        "Integration": Object {
          "IntegrationHttpMethod": "POST",
          "Type": "AWS_PROXY",
          "Uri": Object {
            "Fn::Join": Array [
              "",
              Array [
                "arn:",
                Object {
                  "Ref": "AWS::Partition",
                },
                ":apigateway:us-west-2:lambda:path/2015-03-31/functions/",
                Object {
                  "Fn::GetAtt": Array [
                    "shortenerBackendBFAB597E",
                    "Arn",
                  ],
                },
                "/invocations",
              ],
            ],
          },
        },
        "ResourceId": Object {
          "Fn::GetAtt": Array [
            "shortenerAPID8E48A72",
            "RootResourceId",
          ],
        },
        "RestApiId": Object {
          "Ref": "shortenerAPID8E48A72",
        },
      },
      "Type": "AWS::ApiGateway::Method",
    },
    "shortenerAPIGETApiPermissionMyTestStackshortenerAPIA32CAD80GETB5E72F51": Object {
      "Properties": Object {
        "Action": "lambda:InvokeFunction",
        "FunctionName": Object {
          "Fn::GetAtt": Array [
            "shortenerBackendBFAB597E",
            "Arn",
          ],
        },
        "Principal": "apigateway.amazonaws.com",
        "SourceArn": Object {
          "Fn::Join": Array [
            "",
            Array [
              "arn:",
              Object {
                "Ref": "AWS::Partition",
              },
              ":execute-api:us-west-2:dummy:",
              Object {
                "Ref": "shortenerAPID8E48A72",
              },
              "/",
              Object {
                "Ref": "shortenerAPIDeploymentStageprod26C06356",
              },
              "/GET/",
            ],
          ],
        },
      },
      "Type": "AWS::Lambda::Permission",
    },
    "shortenerAPIGETApiPermissionTestMyTestStackshortenerAPIA32CAD80GET47CCA933": Object {
      "Properties": Object {
        "Action": "lambda:InvokeFunction",
        "FunctionName": Object {
          "Fn::GetAtt": Array [
            "shortenerBackendBFAB597E",
            "Arn",
          ],
        },
        "Principal": "apigateway.amazonaws.com",
        "SourceArn": Object {
          "Fn::Join": Array [
            "",
            Array [
              "arn:",
              Object {
                "Ref": "AWS::Partition",
              },
              ":execute-api:us-west-2:dummy:",
              Object {
                "Ref": "shortenerAPID8E48A72",
              },
              "/test-invoke-stage/GET/",
            ],
          ],
        },
      },
      "Type": "AWS::Lambda::Permission",
    },
    "shortenerAPIOPTIONS8F59B854": Object {
      "Properties": Object {
        "AuthorizationType": "NONE",
        "HttpMethod": "OPTIONS",
        "Integration": Object {
          "IntegrationResponses": Array [
            Object {
              "ResponseParameters": Object {
                "method.response.header.Access-Control-Allow-Headers": "'Content-Type,X-Amz-Date,Authorization,X-Api-Key,X-Amz-Security-Token,X-Amz-User-Agent'",
                "method.response.header.Access-Control-Allow-Methods": "'GET'",
                "method.response.header.Access-Control-Allow-Origin": "'https://fdr.one'",
                "method.response.header.Vary": "'Origin'",
              },
              "StatusCode": "204",
            },
          ],
          "RequestTemplates": Object {
            "application/json": "{ statusCode: 200 }",
          },
          "Type": "MOCK",
        },
        "MethodResponses": Array [
          Object {
            "ResponseParameters": Object {
              "method.response.header.Access-Control-Allow-Headers": true,
              "method.response.header.Access-Control-Allow-Methods": true,
              "method.response.header.Access-Control-Allow-Origin": true,
              "method.response.header.Vary": true,
            },
            "StatusCode": "204",
          },
        ],
        "ResourceId": Object {
          "Fn::GetAtt": Array [
            "shortenerAPID8E48A72",
            "RootResourceId",
          ],
        },
        "RestApiId": Object {
          "Ref": "shortenerAPID8E48A72",
        },
      },
      "Type": "AWS::ApiGateway::Method",
    },
    "shortenerAPIproxy57447FDA": Object {
      "Properties": Object {
        "ParentId": Object {
          "Fn::GetAtt": Array [
            "shortenerAPID8E48A72",
            "RootResourceId",
          ],
        },
        "PathPart": "{proxy+}",
        "RestApiId": Object {
          "Ref": "shortenerAPID8E48A72",
        },
      },
      "Type": "AWS::ApiGateway::Resource",
    },
    "shortenerAPIproxyGETApiPermissionMyTestStackshortenerAPIA32CAD80GETproxy8C2D216D": Object {
      "Properties": Object {
        "Action": "lambda:InvokeFunction",
        "FunctionName": Object {
          "Fn::GetAtt": Array [
            "shortenerBackendBFAB597E",
            "Arn",
          ],
        },
        "Principal": "apigateway.amazonaws.com",
        "SourceArn": Object {
          "Fn::Join": Array [
            "",
            Array [
              "arn:",
              Object {
                "Ref": "AWS::Partition",
              },
              ":execute-api:us-west-2:dummy:",
              Object {
                "Ref": "shortenerAPID8E48A72",
              },
              "/",
              Object {
                "Ref": "shortenerAPIDeploymentStageprod26C06356",
              },
              "/GET/{proxy+}",
            ],
          ],
        },
      },
      "Type": "AWS::Lambda::Permission",
    },
    "shortenerAPIproxyGETApiPermissionTestMyTestStackshortenerAPIA32CAD80GETproxy3D873FA9": Object {
      "Properties": Object {
        "Action": "lambda:InvokeFunction",
        "FunctionName": Object {
          "Fn::GetAtt": Array [
            "shortenerBackendBFAB597E",
            "Arn",
          ],
        },
        "Principal": "apigateway.amazonaws.com",
        "SourceArn": Object {
          "Fn::Join": Array [
            "",
            Array [
              "arn:",
              Object {
                "Ref": "AWS::Partition",
              },
              ":execute-api:us-west-2:dummy:",
              Object {
                "Ref": "shortenerAPID8E48A72",
              },
              "/test-invoke-stage/GET/{proxy+}",
            ],
          ],
        },
      },
      "Type": "AWS::Lambda::Permission",
    },
    "shortenerAPIproxyGETC4CEEED1": Object {
      "Properties": Object {
        "AuthorizationType": "NONE",
        "HttpMethod": "GET",
        "Integration": Object {
          "IntegrationHttpMethod": "POST",
          "Type": "AWS_PROXY",
          "Uri": Object {
            "Fn::Join": Array [
              "",
              Array [
                "arn:",
                Object {
                  "Ref": "AWS::Partition",
                },
                ":apigateway:us-west-2:lambda:path/2015-03-31/functions/",
                Object {
                  "Fn::GetAtt": Array [
                    "shortenerBackendBFAB597E",
                    "Arn",
                  ],
                },
                "/invocations",
              ],
            ],
          },
        },
        "ResourceId": Object {
          "Ref": "shortenerAPIproxy57447FDA",
        },
        "RestApiId": Object {
          "Ref": "shortenerAPID8E48A72",
        },
      },
      "Type": "AWS::ApiGateway::Method",
    },
    "shortenerAPIproxyOPTIONS7E5BFB22": Object {
      "Properties": Object {
        "AuthorizationType": "NONE",
        "HttpMethod": "OPTIONS",
        "Integration": Object {
          "IntegrationResponses": Array [
            Object {
              "ResponseParameters": Object {
                "method.response.header.Access-Control-Allow-Headers": "'Content-Type,X-Amz-Date,Authorization,X-Api-Key,X-Amz-Security-Token,X-Amz-User-Agent'",
                "method.response.header.Access-Control-Allow-Methods": "'GET'",
                "method.response.header.Access-Control-Allow-Origin": "'https://fdr.one'",
                "method.response.header.Vary": "'Origin'",
              },
              "StatusCode": "204",
            },
          ],
          "RequestTemplates": Object {
            "application/json": "{ statusCode: 200 }",
          },
          "Type": "MOCK",
        },
        "MethodResponses": Array [
          Object {
            "ResponseParameters": Object {
              "method.response.header.Access-Control-Allow-Headers": true,
              "method.response.header.Access-Control-Allow-Methods": true,
              "method.response.header.Access-Control-Allow-Origin": true,
              "method.response.header.Vary": true,
            },
            "StatusCode": "204",
          },
        ],
        "ResourceId": Object {
          "Ref": "shortenerAPIproxy57447FDA",
        },
        "RestApiId": Object {
          "Ref": "shortenerAPID8E48A72",
        },
      },
      "Type": "AWS::ApiGateway::Method",
    },
    "shortenerBackendBFAB597E": Object {
      "DependsOn": Array [
        "shortenerBackendServiceRoleDefaultPolicy7DD91C30",
        "shortenerBackendServiceRoleD10FFAB4",
      ],
      "Properties": Object {
        "Code": Object {
          "S3Bucket": Object {
            "Ref": "AssetParametersba60cbb49b876b2b5e6eddd103e4aeebf0fdabe220fecd9ba54cfabb0d3200d5S3Bucket6FE22E6A",
          },
          "S3Key": Object {
            "Fn::Join": Array [
              "",
              Array [
                Object {
                  "Fn::Select": Array [
                    0,
                    Object {
                      "Fn::Split": Array [
                        "||",
                        Object {
                          "Ref": "AssetParametersba60cbb49b876b2b5e6eddd103e4aeebf0fdabe220fecd9ba54cfabb0d3200d5S3VersionKeyD29C4406",
                        },
                      ],
                    },
                  ],
                },
                Object {
                  "Fn::Select": Array [
                    1,
                    Object {
                      "Fn::Split": Array [
                        "||",
                        Object {
                          "Ref": "AssetParametersba60cbb49b876b2b5e6eddd103e4aeebf0fdabe220fecd9ba54cfabb0d3200d5S3VersionKeyD29C4406",
                        },
                      ],
                    },
                  ],
                },
              ],
            ],
          },
        },
        "Environment": Object {
          "Variables": Object {
            "DYNAMODB_TABLE": Object {
              "Ref": "shortenerTable025392D9",
            },
          },
        },
        "Handler": "index.handler",
        "Role": Object {
          "Fn::GetAtt": Array [
            "shortenerBackendServiceRoleD10FFAB4",
            "Arn",
          ],
        },
        "Runtime": "nodejs12.x",
        "Tags": Array [
          Object {
            "Key": "project",
            "Value": "shortener",
          },
        ],
      },
      "Type": "AWS::Lambda::Function",
    },
    "shortenerBackendServiceRoleD10FFAB4": Object {
      "Properties": Object {
        "AssumeRolePolicyDocument": Object {
          "Statement": Array [
            Object {
              "Action": "sts:AssumeRole",
              "Effect": "Allow",
              "Principal": Object {
                "Service": "lambda.amazonaws.com",
              },
            },
          ],
          "Version": "2012-10-17",
        },
        "ManagedPolicyArns": Array [
          Object {
            "Fn::Join": Array [
              "",
              Array [
                "arn:",
                Object {
                  "Ref": "AWS::Partition",
                },
                ":iam::aws:policy/service-role/AWSLambdaBasicExecutionRole",
              ],
            ],
          },
        ],
        "Tags": Array [
          Object {
            "Key": "project",
            "Value": "shortener",
          },
        ],
      },
      "Type": "AWS::IAM::Role",
    },
    "shortenerBackendServiceRoleDefaultPolicy7DD91C30": Object {
      "Properties": Object {
        "PolicyDocument": Object {
          "Statement": Array [
            Object {
              "Action": Array [
                "dynamodb:BatchGetItem",
                "dynamodb:GetRecords",
                "dynamodb:GetShardIterator",
                "dynamodb:Query",
                "dynamodb:GetItem",
                "dynamodb:Scan",
              ],
              "Effect": "Allow",
              "Resource": Array [
                Object {
                  "Fn::GetAtt": Array [
                    "shortenerTable025392D9",
                    "Arn",
                  ],
                },
                Object {
                  "Ref": "AWS::NoValue",
                },
              ],
            },
          ],
          "Version": "2012-10-17",
        },
        "PolicyName": "shortenerBackendServiceRoleDefaultPolicy7DD91C30",
        "Roles": Array [
          Object {
            "Ref": "shortenerBackendServiceRoleD10FFAB4",
          },
        ],
      },
      "Type": "AWS::IAM::Policy",
    },
    "shortenerBucket34519652": Object {
      "DeletionPolicy": "Retain",
      "Properties": Object {
        "Tags": Array [
          Object {
            "Key": "project",
            "Value": "shortener",
          },
        ],
      },
      "Type": "AWS::S3::Bucket",
      "UpdateReplacePolicy": "Retain",
    },
    "shortenerBucketPolicy54BFB7F2": Object {
      "Properties": Object {
        "Bucket": Object {
          "Ref": "shortenerBucket34519652",
        },
        "PolicyDocument": Object {
          "Statement": Array [
            Object {
              "Action": "s3:GetObject",
              "Effect": "Allow",
              "Principal": "*",
              "Resource": Object {
                "Fn::Join": Array [
                  "",
                  Array [
                    Object {
                      "Fn::GetAtt": Array [
                        "shortenerBucket34519652",
                        "Arn",
                      ],
                    },
                    "/*",
                  ],
                ],
              },
            },
          ],
          "Version": "2012-10-17",
        },
      },
      "Type": "AWS::S3::BucketPolicy",
    },
    "shortenerCustomDomainDE8FD5C8": Object {
      "Properties": Object {
        "CertificateArn": "arn:aws:acm:us-west-2:dummy:certificate/c3b5dab4-ba98-4422-a34a-7ccca2bf1c5d",
        "DomainName": "fdr.one",
        "EndpointConfiguration": Object {
          "Types": Array [
            "EDGE",
          ],
        },
        "Tags": Array [
          Object {
            "Key": "project",
            "Value": "shortener",
          },
        ],
      },
      "Type": "AWS::ApiGateway::DomainName",
    },
    "shortenerCustomDomainMapMyTestStackshortenerAPIA32CAD8091043B39": Object {
      "Properties": Object {
        "DomainName": Object {
          "Ref": "shortenerCustomDomainDE8FD5C8",
        },
        "RestApiId": Object {
          "Ref": "shortenerAPID8E48A72",
        },
        "Stage": Object {
          "Ref": "shortenerAPIDeploymentStageprod26C06356",
        },
      },
      "Type": "AWS::ApiGateway::BasePathMapping",
    },
    "shortenerFaviconDeploymentCustomResource22098E82": Object {
      "DeletionPolicy": "Delete",
      "Properties": Object {
        "DestinationBucketName": Object {
          "Ref": "shortenerBucket34519652",
        },
        "ServiceToken": Object {
          "Fn::GetAtt": Array [
            "CustomCDKBucketDeployment8693BB64968944B69AAFB0CC9EB8756C81C01536",
            "Arn",
          ],
        },
        "SourceBucketNames": Array [
          Object {
            "Ref": "AssetParameters8ac1f64e10898dad56cc8b357e40b7a3aa5708bc5aec546718c66c605b3c438cS3BucketE9317EA1",
          },
        ],
        "SourceObjectKeys": Array [
          Object {
            "Fn::Join": Array [
              "",
              Array [
                Object {
                  "Fn::Select": Array [
                    0,
                    Object {
                      "Fn::Split": Array [
                        "||",
                        Object {
                          "Ref": "AssetParameters8ac1f64e10898dad56cc8b357e40b7a3aa5708bc5aec546718c66c605b3c438cS3VersionKey65CA1E21",
                        },
                      ],
                    },
                  ],
                },
                Object {
                  "Fn::Select": Array [
                    1,
                    Object {
                      "Fn::Split": Array [
                        "||",
                        Object {
                          "Ref": "AssetParameters8ac1f64e10898dad56cc8b357e40b7a3aa5708bc5aec546718c66c605b3c438cS3VersionKey65CA1E21",
                        },
                      ],
                    },
                  ],
                },
              ],
            ],
          },
        ],
      },
      "Type": "Custom::CDKBucketDeployment",
      "UpdateReplacePolicy": "Delete",
    },
    "shortenerTable025392D9": Object {
      "DeletionPolicy": "Retain",
      "Properties": Object {
        "AttributeDefinitions": Array [
          Object {
            "AttributeName": "id",
            "AttributeType": "S",
          },
        ],
        "KeySchema": Array [
          Object {
            "AttributeName": "id",
            "KeyType": "HASH",
          },
        ],
        "ProvisionedThroughput": Object {
          "ReadCapacityUnits": 5,
          "WriteCapacityUnits": 1,
        },
        "Tags": Array [
          Object {
            "Key": "project",
            "Value": "shortener",
          },
        ],
      },
      "Type": "AWS::DynamoDB::Table",
      "UpdateReplacePolicy": "Retain",
    },
  },
}
`;
